<?xml version="1.0" encoding="utf-8"?><testsuites name="pytest tests"><testsuite name="pytest" errors="0" failures="0" skipped="0" tests="0" time="0.012" timestamp="2025-07-19T22:55:39.313915-05:00" hostname="MacBook-Pro-de-Sebastian.local" /></testsuites>